  00:00.00 Processing Input...
#### EXCEPTION_WARNING ####
      XMLProc::ThermalExpandXMLSkipping thermal expansion based on input flag thexp="off".
#### EXCEPTION_WARNING ####
      XMLProc::ScanState - the "xenopt" input is deprecated and has been replaced by "xenon".  In the next release, "xenopt" will no longer be supported.
#### EXCEPTION_WARNING ####
      Incorrect input to XMLProc::ScanState - bypass is missing, using default value of 0.0!

      EXCEPTION_INFORMATION: XMLProc::SetupOptionPL - SCATT_METH_REFL parameter not present.  Value from SCATT_METH will be used.
#### EXCEPTION_WARNING ####
      XMLProc::SetupOptionPL ADCMFD will be deprecated in the next release. Please update your inputs to use ODCMFD.
  00:00.18 Processing XS Libraries...
  00:00.59 Generating Materials...
  00:00.61 Generating Reactor Geometry...
  00:00.62 Generating Reactor Mesh...
  00:01.00 Initializing Parallel Environment...
  00:01.42 Setting up angular quadrature...
  00:01.42 Setting up modular mesh...
  00:01.42 Initializing mesh...
  00:01.42 Setting up XS mesh...
  00:01.42 Initializing Control Rods...
  00:01.46 Setting up reactor model...
  00:01.51 Generating Input Edits...
  00:01.51 Setting up restart files...
  00:01.52 Initializing Base MOC Sweeper...
                Setting up modular rays...
                Performing ray tracing...
                Setting up long rays...
                Allocating base solution variables...
                Allocating solution variables...
  00:06.19 Setting up XS shielder...
  00:06.32 Initializing Base MOC Sweeper...
                Setting up modular rays...
                Performing ray tracing...
                Setting up long rays...
                Allocating base solution variables...
                Allocating solution variables...
  00:08.35 Initializing neutron transport accelerator...
                 -odCMFD acceleration is being used (MG RB-SOR)
                      ...with P0 boundary update
                      ...with flat prolongation
                      ...not using angle decomp processors
                      ...not using ray decomp threads
  00:12.69 Initializing Multi-group Fixed Source Solver...
                Default convergence norm is being used
                Default step algorithm is being used
                Default solve algorithm is being used
  00:12.69 Initializing Eigenvalue Solver...
  00:12.69 Setting up feedback operations...
  00:12.69 Initializing Xenon / Samarium Model Calculation...
  00:12.69 Initializing Feedback Solver...
  00:12.69 Initializing Preprocessor...
  00:12.69 Initializing Postprocessor...
  00:12.71 Initializing Subgrid Solvers...
                      ...with control rods (POLYNOMIAL)
  00:12.71 Initializing MultiState Solver...
  00:13.01 Solving State 1/1...
                 Moving control banks...
                    ...moving bank A from 0.000E+00 steps to 1.440E+02 steps...
                    ...moving bank B from 0.000E+00 steps to 1.440E+02 steps...
                    ...moving bank C from 0.000E+00 steps to 1.440E+02 steps...
                    ...moving bank D from 0.000E+00 steps to 1.440E+02 steps...
                    ...moving bank S from 0.000E+00 steps to 1.440E+02 steps...
                    ...moving bank P from 0.000E+00 steps to 1.440E+02 steps...
                 ...Finished.
  00:13.07 Calculating Macroscopic XS
  00:13.42 Using TCP0 in All Regions...
  00:13.42 Computing Zero Xenon
  00:13.42 Calculating Equivalence XS...
            Solving Subgroup FSP...
              Running Batch   1/5 (1-53)
                  6    7.24143E-13
              Running Batch   2/5 (54-107)
                  6    3.58197E-12
              Running Batch   3/5 (108-160)
                  6    2.99522E-11
              Running Batch   4/5 (161-214)
                  6    1.40547E-12
              Running Batch   5/5 (215-268)
                  6    2.43347E-13
  00:39.47 Calculating Macroscopic XS
  00:39.86 Using TCP0 in All Regions...
  00:39.86 Performing Eigenvalue Calculation...
  00:39.86      iter    keff     norm_keff    norm_fissrc
  00:39.87         0  1.0000000 1.000000E-06 5.000000E-05
            MG-CMFD   10       1500 0.9922308 8.452894E-04
            MG-CMFD   20       1500 0.9928856 3.626081E-04
            MG-INNER   1          1           2.963916E-01
  00:51.15 Computing Zero Xenon
  00:51.15 Calculating Macroscopic XS
  00:51.50 Using TCP0 in All Regions...
  00:51.50         1  0.9928856 7.114413E-03 2.551759E-01
            MG-CMFD   10       1500 1.0034940 4.104640E-03
            MG-CMFD   16        900 1.0034828 2.626275E-03
            MG-INNER   1          1           1.717012E-02
  01:02.02 Computing Zero Xenon
  01:02.02 Calculating Macroscopic XS
  01:02.41 Using TCP0 in All Regions...
  01:02.41         2  1.0034828 1.059716E-02 1.319240E-02
            MG-CMFD   10       1500 1.0033063 1.798678E-02
            MG-CMFD   20       1500 1.0033665 9.408816E-03
            MG-INNER   1          1           1.507346E-02
  01:13.32 Computing Zero Xenon
  01:13.32 Calculating Macroscopic XS
  01:13.59 Using TCP0 in All Regions...
  01:13.59         3  1.0033665 1.162669E-04 1.183720E-02
            MG-CMFD   10       1500 1.0014212 4.909713E-02
            MG-CMFD   20       1500 1.0014615 2.570003E-02
            MG-INNER   1          1           1.140334E-02
  01:24.94 Computing Zero Xenon
  01:24.94 Calculating Macroscopic XS
  01:25.25 Using TCP0 in All Regions...
  01:25.25         4  1.0014615 1.904951E-03 9.291090E-03
            MG-CMFD   10       1500 1.0017406 2.056692E-02
            MG-CMFD   20       1500 1.0017462 1.082952E-02
            MG-INNER   1          1           2.944335E-03
  01:36.73 Computing Zero Xenon
  01:36.73 Calculating Macroscopic XS
  01:37.12 Using TCP0 in All Regions...
  01:37.12         5  1.0017462 2.846709E-04 2.442529E-03
            MG-CMFD   10       1500 1.0018460 2.350321E-02
            MG-CMFD   20       1500 1.0018421 1.166203E-02
            MG-INNER   1          1           1.665954E-03
  01:49.11 Computing Zero Xenon
  01:49.11 Calculating Macroscopic XS
  01:49.51 Using TCP0 in All Regions...
  01:49.51         6  1.0018421 9.588746E-05 1.399354E-03
            MG-CMFD   10       1500 1.0019063 6.095852E-02
            MG-CMFD   20       1500 1.0019026 3.178289E-02
            MG-INNER   1          1           1.704043E-03
  02:01.13 Computing Zero Xenon
  02:01.13 Calculating Macroscopic XS
  02:01.51 Using TCP0 in All Regions...
  02:01.51         7  1.0019026 6.051434E-05 1.420982E-03
            MG-CMFD   10       1500 1.0019045 3.078770E-02
            MG-CMFD   20       1500 1.0019034 1.631890E-02
            MG-INNER   1          1           6.223120E-04
  02:12.47 Computing Zero Xenon
  02:12.47 Calculating Macroscopic XS
  02:12.80 Using TCP0 in All Regions...
  02:12.80         8  1.0019034 7.854907E-07 5.108021E-04
            MG-CMFD   10       1500 1.0019045 1.249377E-02
            MG-CMFD   12        300 1.0019047 9.619440E-03
            MG-INNER   1          1           1.679938E-04
  02:22.18 Computing Zero Xenon
  02:22.18 Calculating Macroscopic XS
  02:22.54 Using TCP0 in All Regions...
  02:22.54         9  1.0019047 1.260292E-06 1.386273E-04
            MG-CMFD   10       1500 1.0019091 4.476146E-02
            MG-CMFD   20       1500 1.0019096 2.289891E-02
            MG-INNER   1          1           2.161940E-04
  02:33.57 Computing Zero Xenon
  02:33.57 Calculating Macroscopic XS
  02:33.96 Using TCP0 in All Regions...
  02:33.96        10  1.0019096 4.940850E-06 1.799076E-04
            MG-CMFD   10       1500 1.0019141 2.801446E-02
            MG-CMFD   20       1500 1.0019142 1.477858E-02
            MG-INNER   1          1           8.889082E-05
  02:45.79 Computing Zero Xenon
  02:45.79 Calculating Macroscopic XS
  02:46.08 Using TCP0 in All Regions...
  02:46.08        11  1.0019142 4.596484E-06 7.217273E-05
            MG-CMFD   10       1500 1.0019162 1.326701E-02
            MG-CMFD   12        300 1.0019162 9.912108E-03
            MG-INNER   1          1           2.919949E-05
  02:55.39 Computing Zero Xenon
  02:55.39 Calculating Macroscopic XS
  02:55.78 Using TCP0 in All Regions...
  02:55.78        12  1.0019162 2.016580E-06 2.420742E-05
            MG-CMFD   10       1500 1.0019165 3.620310E-02
            MG-CMFD   20       1500 1.0019164 1.836770E-02
            MG-INNER   1          1           3.099747E-05
  03:07.72        13  1.0019164 2.059687E-07 2.585030E-05
  03:07.72 Convergence criteria satisfied
  03:07.80 Finished
