Timestamp            Elapsed(s) %CPU       %MEM       RSS (MB)        VSZ (MB)        MPI Ranks 
2026-07-20 23:19:32  0          5244.6     0.0        13257.38        20416.00        54        
2026-07-20 23:19:38  5          5352.0     5.3        39976.34        47137.63        54        
2026-07-20 23:19:43  11         5367.0     5.3        42715.46        49445.28        54        
2026-07-20 23:19:48  16         5406.0     5.3        43126.63        49914.76        54        
2026-07-20 23:19:53  21         5406.0     5.3        42877.10        49660.73        54        
2026-07-20 23:19:58  26         5268.5     5.3        43130.96        49917.32        54        
2026-07-20 23:20:04  31         5300.0     5.3        42878.34        49661.27        54        
2026-07-20 23:20:09  37         5300.0     5.3        43153.74        49932.23        54        
2026-07-20 23:20:14  42         5353.0     5.3        43175.30        49958.27        54        
2026-07-20 23:20:19  47         5353.0     5.3        43179.12        49960.90        54        
2026-07-20 23:20:24  52         5288.9     5.3        43179.33        49960.90        54        
2026-07-20 23:20:30  57         5300.0     5.3        43179.33        49960.90        54        
2026-07-20 23:20:35  63         5300.0     5.3        43179.85        49961.54        54        
2026-07-20 23:20:40  68         5300.0     5.3        43179.95        49961.54        54        
2026-07-20 23:20:45  73         5278.7     5.3        43180.06        49961.54        54        
2026-07-20 23:20:50  78         5294.6     5.3        43180.26        49961.54        54        
2026-07-20 23:20:56  83         5300.0     5.3        43180.26        49961.54        54        
2026-07-20 23:21:01  89         5300.0     5.3        43180.26        49961.54        54        
2026-07-20 23:21:06  94         5300.0     5.3        43180.27        49961.54        54        
2026-07-20 23:21:11  99         5289.0     5.3        43180.32        49961.54        54        
2026-07-20 23:21:17  104        5299.9     5.3        43180.39        49961.54        54        
2026-07-20 23:21:22  110        5300.0     5.3        43180.39        49961.54        54        
2026-07-20 23:21:27  115        5300.0     5.3        43180.46        49961.54        54        
2026-07-20 23:21:32  120        5300.0     5.3        43180.47        49961.54        54        
2026-07-20 23:21:37  125        5289.9     5.3        43180.52        49961.54        54        
2026-07-20 23:21:43  130        5300.0     5.3        43180.52        49961.54        54        
2026-07-20 23:21:48  136        5300.0     5.3        43180.52        49961.54        54        
2026-07-20 23:21:53  141        5300.0     5.3        43180.52        49961.54        54        
2026-07-20 23:21:58  146        5300.0     5.3        43180.52        49961.54        54        
2026-07-20 23:22:03  151        5294.7     5.3        43180.52        49961.54        54        
2026-07-20 23:22:09  156        5300.0     5.3        43180.52        49961.54        54        
2026-07-20 23:22:14  162        5300.0     5.3        43180.53        49961.54        54        
2026-07-20 23:22:19  167        5300.0     5.3        43180.53        49961.54        54        
2026-07-20 23:22:24  172        5289.4     5.3        43180.53        49961.54        54        
2026-07-20 23:22:29  177        5295.6     5.3        43180.53        49961.54        54        
2026-07-20 23:22:35  182        5300.0     5.3        43180.57        49961.70        54        
Simulation completed at Mon Jul 20 23:22:40 CEST 2026
